
> simpbb-neo@0.0.1 build
> next build

Γû▓ Next.js 16.1.6 (Turbopack)
- Environments: .env.local

  Creating an optimized production build ...
Γ£ô Compiled successfully in 18.6s
  Running TypeScript ...
  Collecting page data using 15 workers ...
  Generating static pages using 15 workers (0/24) ...
  Generating static pages using 15 workers (6/24) 
  Generating static pages using 15 workers (12/24) 
  Generating static pages using 15 workers (18/24) 
Γ£ô Generating static pages using 15 workers (24/24) in 1079.1ms
  Finalizing page optimization ...

Route (app)
Γöî Γùï /
Γö£ Γùï /_not-found
Γö£ Γùï /2fa/setup
Γö£ Γùï /2fa/verify
Γö£ ╞Æ /api/auth/[...better-auth]
Γö£ ╞Æ /api/files/[...path]
Γö£ ╞Æ /api/notifications/events
Γö£ Γùï /api/reference
Γö£ ╞Æ /api/rpc/[[...orpc]]
Γö£ ╞Æ /api/rpc/openapi
Γö£ ╞Æ /api/upload
Γö£ ╞Æ /api/user/sessions
Γö£ Γùï /crud-example
Γö£ ╞Æ /crud-example/[id]/edit
Γö£ Γùï /crud-example/new
Γö£ Γùï /dashboard
Γö£ Γùï /file-manager
Γö£ Γùï /forgot-password
Γö£ Γùï /login
Γö£ Γùï /magic-link
Γö£ Γùï /notifications
Γö£ Γùï /register
Γö£ Γùï /reset-password
Γö£ Γùï /settings
Γö£ Γùï /settings/notifications
Γö£ Γùï /settings/organizations
Γöö Γùï /verify-email


╞Æ Proxy (Middleware)

Γùï  (Static)   prerendered as static content
╞Æ  (Dynamic)  server-rendered on demand

