
> simpbb-neo@0.0.1 typecheck
> tsc --noEmit

app/api/files/[...path]/route.ts(5,52): error TS2307: Cannot find module 'server-only-converters' or its corresponding type declarations.
lib/db/migration/schema.ts(74,10): error TS2304: Cannot find name 'tinyint'.
lib/db/migration/schema.ts(112,12): error TS2304: Cannot find name 'tinyint'.
lib/db/migration/schema.ts(130,16): error TS2304: Cannot find name 'tinyint'.
lib/db/migration/schema.ts(211,17): error TS2304: Cannot find name 'tinyint'.
lib/db/migration/schema.ts(215,20): error TS2304: Cannot find name 'tinyint'.
lib/db/migration/schema.ts(219,23): error TS2304: Cannot find name 'tinyint'.
lib/db/migration/schema.ts(221,10): error TS2304: Cannot find name 'tinyint'.
lib/db/migration/schema.ts(224,15): error TS2304: Cannot find name 'tinyint'.
